Cluster0	Cluster0	100.00	15	0	0	1	15	1	15	1e-07	30.2
