>centroid_2
ATGAATCCTCACCTAACCGAACACCCCCCAGTCGGGGATATTGACGCCCTGTTGCAGGACACCTGGCTACAGGTGATCAGCCTGCGTCAAGGGGTAACCTGTGCCGAGGGCGAAGGGCAGGCATTCTGGCAGCGCTGTGTGGCGGACATTGAACGTGTCCATCAGGCGCTGAAAGACGCCGGTCACAGCGAGCAGAGTTGCCAGCACATCCGATACGCCCAATGTGCACTGCTGGATGAGACCGTGAAAGGGCGCGGTGTACAGGATGATGCCTACTTCGTGTGGTGCCATTCGCCCTTACAGGCGCATTTTTTCAATACCCTGGATGCCGGTAGCCAGCTTTACGAGCGGATGCGCGCCGTGTTGCGTGAGCCTGCGCCGGATCGCGCGGTACTGACCTGTTTTCACCGGGTATTGATGTTGGGCTTCCTCGGCGGGTACGCCTCCCCGGCGGCTTCTGAACGGGAGCAACTGATCGATCAACTGAGCGTGCAGGTACCGGCGTTCAGTGTCGCGCCATCACGTGGGATCCTGGCAAGCGCCGCCTCCCGCAACCGGTTGGGGATCTGGTTGCGTTACTGGCCGGTACGGCTCGGGCTGGCTGCGCTGATGGTCGCGCTGTTGTGGTGGGGCCTTGATCACTGGCTGTCCGGTCTGTTAGCCACCTTACTGCCGGAGCCGGTGTAA
>centroid_3
ATGAAGCTAAATATCAAAGTTAATTGTTCTTATATCTGTGAACCCATACGTAAGCAA
